[    0.0000]Intialzi croup sbss puet[   0.000] Iniiaizg group ubyscpu   0.000]Initalin cgrp ubsys puct
[   .0000]in veron.4.0-12-enric (build@lgw-a64-0) gc vrsn .4 26060 (buu 5.0-bunt1~.04.5) )13-Uuntu SP Fri J 19 :436 UTC01(Ubunt 4.0112.13geric .48)
[    00000] Commandline BOTIMGE=/oovminuz-44.11-generc rootLABELcludimg-oos o coso=ttycoole=yS
[    0000] KERNEL supportedcp:
[  000000]  te GuiInte
[  0.0000]  MD AuthntAMD[  0.000]  Cntr entaurHaul
[   0000] 86pu xta_ofs[2: 576,xsatsize2] 256
[   000000]x86/u:Suorng XSAE atre 001'x7 loin point regstrs'[  0.00000]86/fpu:Suoring SA fature 02'SSErestrs'
[  000000]x8fpu:Suoring XSAVE feature 04'AVX regstrs'
[   0.000000] x8/fu:nabled stat feaur 07, contxtiz i83bytes,usg stda' foma
    .000] 86fp Using'ly'FPU ntt swch.
[  .00000 e20BIOSroded psil RAM p:
[  00000] OS-e82: [mm x00000000000-000000000fbff] abe
[    0000] BIS-20 [me0x00000009000x000000009ffff] reseed
  0.0000 BS-e820 [m x0000000f0000x000000ffff] resrvd[   0.0000] OSe80: [mem 0000000000000x000000ffff] sae
[   0.000] BOS82: me0x0000000df000-0x000000dffff ACP dta
[    0.000000BIS-82 [em 0x00000ec0000-0000000f00ff] reseed
[  00000] BIS-82: me0x00000fe0000-0x000000e00ff]esrved
[  00000] OS-e82: em 0x00000fffc0000x000000ffff rered
  0.0000BIOS-e20[mm x0000100000000x0000011fffff] usbl
[   0.000] X xeteDisabl potti: active
   000000]SMOS2. pset.
  0.00000 Heriso deced: VM[   .0000]82: ast_n 0x1200ma_ah_pf= 0x40000
[    .0000]MTRR Dsaed
   000000]86AT: RR dsabl, kiping PT niialiatontoo.
[  000000]CPMTRs all blak  virtualized system.
[    0.0000] x86/T:Configuratin 0-]:WB  T UC-UC  WB W  - UC
   0.00000]e820: lat_n  0xdf0ax_arc_p =0x00000
   00000] un SMP MP-bl at me0x009fff-000ffff] apd at[fff800009ff
    00000] Sanng 1 aeasorlo mmo crrupio
[   .000] RAMSK[mem 36dc00-0375ff]
  0.00000]AC: arlytae heks vrificatn isable
   00000] ACPI RSDP x0000000000 00024 v0 VOX  
  0.0000] ACI:SD 000000DFF00 0003C (v01 VX  VBOSD 000000AS  0000)
[  000000] AI:FACPx000000DF0F000F4(v04 VX VBOXFA 000001 AS 0000061
[   0.00000]ACI: DSD 0000000FF480 21 (v0VB   VOXBI 00002NT 201028
[    0.0000ACPI: CS0x0000DFFF200004
  0.0000ACPI: FCS0x000000DFF00 0004
[   0000] AI:APC 0x000000FFF0240006(v2 BO  VBXAIC 000001 ASL 00006
[  00000] ACP: DT 0x0000000FFF02B00CC (01BO   VOXUT000000 ITL 21028
[    0.000000 N NUMcoiguratn ound   00000 Faking ndeat [em0x0000000000-0x000011ffffff
[   0.0000 NODE_AT0) allatd mem 0x11f70-0xffbff]
   00000 km-lock: Usin ms b564d1 nd4b564d0
   0.0000 km-clckcp 0, ms1:fef001,riary cpu coc
[    00000 k-cock: using ch ofsetof529960cyles[  0.000000]clksur: m-clok:as: 0xfffffffff max_ycs:0xd44dff max_dle_: 881590591483 ns[   0.0000] Ze nges:    00000   DA   [mem 00000000000100-0000000000ffff]
[    0.0000] DMA   [me 0x00000001000-x00000fffffff]
[   0.00000]  rmal [em0x00000100000-x0000011ffff][    00000]   evce empy    .0000] Mvae one ta foracnode
[   0000] rly moy ode ans
[   0.000]  no  0: [m 000000000100-0000000009efff]
[   .0000]  od   0[mm x000000100000-0x000000deffff]
[   000000] noe    [m 0x00001000000-000011fffff][   0.000] Iitemetup node 0 mem x00000000000x000001ffff
[   .0000] AI:PM-TerIO Por 0008  0.0000] APIC[: ic_id  vsion2,ddre 0ec0000, GS 023
[  000000]AC: INT_RCOV (bus 0 buir 0glob_i 2 dfl fl
[   0.0000] CPI: IT_C_OVR(b 0bus_q global_i 9lo lel
  0.00000]si ACP(MT)for P nfiguratn infomaio
[    0.00000 smpboot Along CUs,  hplg CP
   0.00000]PM Rgistre nave mo: [m 00000000-0000fff
[   000000 P Rgited osavmery: me0x009f000x09fff
   0.0000]M: Risred nosae mory[m 0x000000x00ff]
[   0.000] P Risterd osveemo: [mem 0x00f00-0000ffff]
[   0.0000PM: Rested nsa mmory [m xdfff0000xffff]
[  00000]PM Rgistedosav mmoy:[mem 0x00000-0xfbfff]
[  0.0000PM Risered navmemory:mem xfec000-0xfec00f][  00000] M:egsterednove mor: [m 0ec010-fedfff
    0.00] PM: egteed nosavmeory: [me 0xfee0000-0ee0fff]
[  0.00000]PM Regteed nsa mmoy:mem 0xe000-0xffffff]
[  0.0000]M:egisre nsavemery [memxffc00-0ffffff
   0.00000] 82: em0x00000-febfffavailaleorPCI vis
[    0.00] Boinparavirtuazed kerneln VM
[  00000clocksorc: efned-jiie: ask:0xfffff mx_cls: 0xfffffffmax_ide_: 64559621568 s    .000] seuperpuNRCPUS:12 n_cpmak_its:12r_cpuids:4 r_odids:
   000000] ERPU Eeded34ags/cp @ff8011f0000 s9544 r892d328 u42
[   00000]PVspnlockha tableenie: 56orer: , 96 bes
[    00000 Blt1 zoelts iNo ordr, mbiity roin on.  tapage: 3257
[  00000 Plicy ne Noral
[   0.000]Kerelomand in BOT_IMAE=oot/vmin-44.-1-gneriro=LABL=loimg-rotfroconsole=tyconsol=tyS0
[  .00000] IDas tabe trie: 96(ode 3 32768 bytes)[    00000] Memoy:03190K41388K avalae 8499keel ce,309Krwat 3988K rat, 508Kni 131K s,1668reerve, K ma-resered
[   0.0000 SLUB:Waign=64, Ode0-3, MnOjes=0, CUs, ods=
[   .00000Kenel/Usr agtables iolio: abed
    0.0000 Herahil RCU imlentatio.    0.00] 	Bui-te adjutmt f leaffautto 64
[  0.000 	RCU restriting CUsro NR_US12 t ncp_id=4
[   0.00] RC: jutingeotry orcufanot_laf64 nr_puid=4
[  000000] N_IS:3302 nirs:45 1
[   0.00000] Consoe: clo VA+ 80x25
[   .000] cnse tty1] abd
[  00000] nsle [ttyS] able
   0000000] tsc: Detected 2294.688 MHz processor
[   33.070391] Calibrating delay loop (skipped) preset value.. 4589.37 BogoMIPS (lpj=9178752)
[   33.223486] pid_max: default: 32768 minimum: 301
[   33.314454] ACPI: Core revision 20150930
[   33.394325] ACPI: 2 ACPI AML tables successfully acquired and loaded
[   33.534129] Security Framework initialized
[   33.623938] Yama: becoming mindful.
[   33.684344] AppArmor: AppArmor initialized
[   33.764323] Dentry cache hash table entries: 524288 (order: 10, 4194304 bytes)
[   33.907256] Inode-cache hash table entries: 262144 (order: 9, 2097152 bytes)
[   34.056431] Mount-cache hash table entries: 8192 (order: 4, 65536 bytes)
[   34.178363] Mountpoint-cache hash table entries: 8192 (order: 4, 65536 bytes)
[   34.323787] Initializing cgroup subsys io
[   34.402737] Initializing cgroup subsys memory
[   34.491019] Initializing cgroup subsys devices
[   34.583101] Initializing cgroup subsys freezer
[   34.654522] Initializing cgroup subsys net_cls
[   34.737819] Initializing cgroup subsys perf_event
[   34.815559] Initializing cgroup subsys net_prio
[   34.901566] Initializing cgroup subsys hugetlb
[   34.990837] Initializing cgroup subsys pids
[   35.075574] CPU: Physical Processor ID: 0
[   35.102601] CPU: Processor Core ID: 0
[   35.174989] FEATURE SPEC_CTRL Not Present
[   35.247156] mce: CPU supports 0 MCE banks
[   35.315231] Last level iTLB entries: 4KB 1024, 2MB 1024, 4MB 1024
[   35.432354] Last level dTLB entries: 4KB 1024, 2MB 1024, 4MB 1024, 1GB 4
[   35.540489] Freeing SMP alternatives memory: 32K
[   35.620756] ftrace: allocating 32180 entries in 126 pages
[   35.689522] smpboot: APIC(0) Converting physical 0 to logical package 0
[   35.839073] smpboot: Max logical packages: 1
[   35.939470] x2apic enabled
[   35.997616] Switched APIC routing to physical x2apic.
[   36.103451] ..TIMER: vector=0x30 apic1=0 pin1=2 apic2=-1 pin2=-1
[   36.334463] smpboot: CPU0: Intel(R) Core(TM) i7-4850HQ CPU @ 2.30GHz (family: 0x6, model: 0x46, stepping: 0x1)
[   36.558796] Performance Events: unsupported p6 CPU model 70 no PMU driver, software events only.
[   36.771257] KVM setup paravirtual spinlock
[   36.864867] x86: Booting SMP configuration:
[   36.952864] .... node  #0, CPUs:      #1
[   37.042474] kvm-clock: cpu 1, msr 1:1ffef041, secondary cpu clock
[   37.199456] mce: CPU supports 0 MCE banks
[   37.295295]  #2
[   37.323179] kvm-clock: cpu 2, msr 1:1ffef081, secondary cpu clock
[   37.360635] mce: CPU supports 0 MCE banks
[   37.418070]  #3
[   37.454580] kvm-clock: cpu 3, msr 1:1ffef0c1, secondary cpu clock
[   37.612017] mce: CPU supports 0 MCE banks
[   37.668286] x86: Booted up 1 node, 4 CPUs
[   37.758828] smpboot: Total of 4 processors activated (18357.50 BogoMIPS)
[   37.860930] devtmpfs: initialized
[   37.894940] evm: security.selinux
[   37.954791] evm: security.SMACK64
[   37.998809] evm: security.SMACK64EXEC
[   38.074667] evm: security.SMACK64TRANSMUTE
[   38.165694] evm: security.SMACK64MMAP
[   38.245482] evm: security.ima
[   38.261572] evm: security.capability
[   38.301022] clocksource: jiffies: mask: 0xffffffff max_cycles: 0xffffffff, max_idle_ns: 7645041785100000 ns
[   38.375447] futex hash table entries: 1024 (order: 4, 65536 bytes)
[   38.452680] pinctrl core: initialized pinctrl subsystem
[   38.549033] RTC time:  5:24:59, date: 02/15/18
[   38.576492] NET: Registered protocol family 16
[   38.618947] cpuidle: using governor ladder
[   38.675212] cpuidle: using governor menu
[   38.697971] PCCT header not found.
[   38.751946] ACPI: bus type PCI registered
[   38.832903] acpiphp: ACPI Hot Plug PCI Controller Driver version: 0.5
[   38.875346] PCI: Using configuration type 1 for base access
[   38.928980] ACPI: Added _OSI(Module Device)
[   38.985282] ACPI: Added _OSI(Processor Device)
[   39.010565] ACPI: Added _OSI(3.0 _SCP Extensions)
[   39.023878] ACPI: Added _OSI(Processor Aggregator Device)
[   39.025805] ACPI: Executed 1 blocks of module-level executable AML code
[   39.029026] ACPI: Interpreter enabled
[   39.092969] ACPI: (supports S0 S5)
[   39.163225] ACPI: Using IOAPIC for interrupt routing
[   39.188961] PCI: Using host bridge windows from ACPI; if necessary, use "pci=nocrs" and report a bug
[   39.229531] ACPI: PCI Root Bridge [PCI0] (domain 0000 [bus 00-ff])
[   39.287747] acpi PNP0A03:00: _OSC: OS supports [ASPM ClockPM Segments MSI]
[   39.329368] acpi PNP0A03:00: _OSC: not requesting OS control; OS requires [ExtendedConfig ASPM ClockPM MSI]
[   39.430545] acpi PNP0A03:00: fail to add MMCONFIG information, can't access extended PCI configuration space under this bridge.
[   39.608097] PCI host bridge to bus 0000:00
[   39.655267] pci_bus 0000:00: root bus resource [io  0x0000-0x0cf7 window]
[   39.697883] pci_bus 0000:00: root bus resource [io  0x0d00-0xffff window]
[   39.711688] pci_bus 0000:00: root bus resource [mem 0x000a0000-0x000bffff window]
[   39.786543] pci_bus 0000:00: root bus resource [mem 0xe0000000-0xfdffffff window]
[   39.828110] pci_bus 0000:00: root bus resource [bus 00-ff]
[   39.879835] pci 0000:00:01.1: legacy IDE quirk: reg 0x10: [io  0x01f0-0x01f7]
[   39.966494] pci 0000:00:01.1: legacy IDE quirk: reg 0x14: [io  0x03f6]
[   40.020454] pci 0000:00:01.1: legacy IDE quirk: reg 0x18: [io  0x0170-0x0177]
[   40.097972] pci 0000:00:01.1: legacy IDE quirk: reg 0x1c: [io  0x0376]
[   40.212572] pci 0000:00:07.0: quirk: [io  0x4000-0x403f] claimed by PIIX4 ACPI
[   40.278239] pci 0000:00:07.0: quirk: [io  0x4100-0x410f] claimed by PIIX4 SMB
[   40.357771] ACPI: PCI Interrupt Link [LNKA] (IRQs 5 9 10 *11)
[   40.402014] ACPI: PCI Interrupt Link [LNKB] (IRQs 5 9 *10 11)
[   40.432578] ACPI: PCI Interrupt Link [LNKC] (IRQs 5 *9 10 11)
[   40.529349] ACPI: PCI Interrupt Link [LNKD] (IRQs 5 9 10 *11)
[   40.593552] ACPI: Enabled 2 GPEs in block 00 to 07
[   40.654097] vgaarb: setting as boot device: PCI:0000:00:02.0
[   40.717617] vgaarb: device added: PCI:0000:00:02.0,decodes=io+mem,owns=io+mem,locks=none
[   40.801017] vgaarb: loaded
[   40.801744] vgaarb: bridge control possible 0000:00:02.0
[   40.803174] SCSI subsystem initialized
[   40.804237] ACPI: bus type USB registered
[   40.818455] usbcore: registered new interface driver usbfs
[   40.871854] usbcore: registered new interface driver hub
[   40.909748] usbcore: registered new device driver usb
[   40.911186] PCI: Using ACPI for IRQ routing
[   40.914924] NetLabel: Initializing
[   40.916927] NetLabel:  domain hash size = 128
[   40.917951] NetLabel:  protocols = UNLABELED CIPSOv4
[   40.926021] NetLabel:  unlabeled traffic allowed by default
[   41.021107] amd_nb: Cannot enumerate AMD northbridges
[   41.106425] clocksource: Switched to clocksource kvm-clock
[   .215] pAmo Appmo FesteEnle
[ 41899]npPnAC it  2.63] p:PnP ACP: un3 vis  2.50] ocoue:cppmma: ffffaxycs:xffff,ax_dle_: 85104 
  3.54] T:egstered procofaly
  4.70] TCP estabisd shab entie 368orr: 6, 21 bes)
[  4.000 TP ndha tleenries:278 rd:  528 bte